Resolving dependencies...
Downloading packages...
  _fe_analyzer_shared 85.0.0 (98.0.0 available)
  analyzer 7.6.0 (12.0.0 available)
  analyzer_plugin 0.13.4 (0.14.7 available)
  build 2.4.2 (4.0.5 available)
  build_config 1.1.2 (1.3.0 available)
  build_resolvers 2.4.4 (3.0.4 available)
  build_runner 2.4.14 (2.13.1 available)
  build_runner_core 8.0.0 (9.3.2 available)
  cached_network_image 3.4.0 (3.4.1 available)
  cached_network_image_web 1.3.0 (1.3.1 available)
  characters 1.4.0 (1.4.1 available)
  custom_lint_core 0.7.5 (0.8.2 available)
  custom_lint_visitor 1.0.0+7.7.0 (1.0.0+9.0.0 available)
  dart_style 3.1.1 (3.1.8 available)
  fl_chart 0.68.0 (1.2.0 available)
  flutter_dotenv 5.2.1 (6.0.0 available)
  flutter_lints 3.0.2 (6.0.0 available)
  flutter_map 7.0.2 (8.2.2 available)
  flutter_riverpod 2.6.1 (3.3.1 available)
  go_router 13.2.5 (17.1.0 available)
  google_fonts 6.3.3 (8.0.2 available)
  home_widget 0.7.0+1 (0.9.0 available)
  intl 0.19.0 (0.20.2 available)
  lints 3.0.0 (6.1.0 available)
  matcher 0.12.17 (0.12.19 available)
  material_color_utilities 0.11.1 (0.13.0 available)
  meta 1.17.0 (1.18.2 available)
  mgrs_dart 2.0.0 (3.0.0 available)
  mime 1.0.6 (2.0.0 available)
  package_info_plus 8.3.1 (9.0.0 available)
  proj4dart 2.1.0 (3.0.0 available)
  riverpod 2.6.1 (3.2.1 available)
  riverpod_annotation 2.6.1 (4.0.2 available)
  riverpod_generator 2.6.5 (4.0.3 available)
  share_plus 9.0.0 (12.0.1 available)
  share_plus_platform_interface 4.0.0 (6.1.0 available)
  shelf_web_socket 2.0.1 (3.0.0 available)
  source_gen 2.0.0 (4.2.2 available)
  test_api 0.7.7 (0.7.11 available)
  unicode 0.3.1 (1.1.9 available)
  vector_math 2.2.0 (2.3.0 available)
  web 0.5.1 (1.1.1 available)
  win32 5.15.0 (6.0.0 available)
Got dependencies!
43 packages have newer versions incompatible with dependency constraints.
Try `flutter pub outdated` for more information.
Analyzing uprising_cockpit...                                   

   info - Use 'const' with the constructor to improve performance - lib\core\supabase\shell_scaffold.dart:26:21 - prefer_const_constructors
   info - Use 'const' with the constructor to improve performance - lib\core\supabase\shell_scaffold.dart:28:19 - prefer_const_constructors
   info - Use 'const' with the constructor to improve performance - lib\core\supabase\shell_scaffold.dart:28:31 - prefer_const_constructors
   info - 'background' is deprecated and shouldn't be used. Use surface instead. This feature was deprecated after v3.18.0-0.1.pre - lib\core\theme\app_theme.dart:54:9 - deprecated_member_use
  error - The argument type 'CardTheme' can't be assigned to the parameter type 'CardThemeData?'.  - lib\core\theme\app_theme.dart:83:18 - argument_type_not_assignable
   info - 'withOpacity' is deprecated and shouldn't be used. Use .withValues() to avoid precision loss - lib\core\theme\app_theme.dart:129:33 - deprecated_member_use
   info - 'withOpacity' is deprecated and shouldn't be used. Use .withValues() to avoid precision loss - lib\core\theme\app_theme.dart:131:62 - deprecated_member_use
   info - 'withOpacity' is deprecated and shouldn't be used. Use .withValues() to avoid precision loss - lib\core\theme\app_theme.dart:134:37 - deprecated_member_use
   info - Use 'const' with the constructor to improve performance - lib\features\ai_chat\ai_chat_screen.dart:83:23 - prefer_const_constructors
   info - Use 'const' with the constructor to improve performance - lib\features\ai_chat\ai_chat_screen.dart:146:25 - prefer_const_constructors
   info - Use 'const' with the constructor to improve performance - lib\features\ai_chat\ai_chat_screen.dart:148:23 - prefer_const_constructors
   info - Use 'const' with the constructor to improve performance - lib\features\ai_chat\ai_chat_screen.dart:149:24 - prefer_const_constructors
   info - Use 'const' with the constructor to improve performance - lib\features\ai_chat\ai_chat_screen.dart:240:27 - prefer_const_constructors
   info - 'withOpacity' is deprecated and shouldn't be used. Use .withValues() to avoid precision loss - lib\features\ai_chat\ai_chat_screen.dart:320:20 - deprecated_member_use
   info - 'withOpacity' is deprecated and shouldn't be used. Use .withValues() to avoid precision loss - lib\features\calendar\booking_detail_screen.dart:50:46 - deprecated_member_use
   info - Use 'const' with the constructor to improve performance - lib\features\calendar\calendar_screen.dart:47:13 - prefer_const_constructors
   info - Use 'const' with the constructor to improve performance - lib\features\calendar\calendar_screen.dart:49:22 - prefer_const_constructors
  error - The getter 'email' isn't defined for the type 'Client' - lib\features\clients\client_detail_screen.dart:110:126 - undefined_getter
  error - The getter 'email' isn't defined for the type 'Client' - lib\features\clients\client_detail_screen.dart:124:96 - undefined_getter
   info - Use 'const' with the constructor to improve performance - lib\features\clients\client_detail_screen.dart:131:23 - prefer_const_constructors
   info - Use 'const' literals as arguments to constructors of '@immutable' classes - lib\features\clients\client_detail_screen.dart:134:35 - prefer_const_literals_to_create_immutables
   info - Use 'const' with the constructor to improve performance - lib\features\clients\client_detail_screen.dart:140:27 - prefer_const_constructors
   info - 'withOpacity' is deprecated and shouldn't be used. Use .withValues() to avoid precision loss - lib\features\clients\client_detail_screen.dart:161:64 - deprecated_member_use
   info - 'withOpacity' is deprecated and shouldn't be used. Use .withValues() to avoid precision loss - lib\features\clients\client_detail_screen.dart:251:64 - deprecated_member_use
   info - 'withOpacity' is deprecated and shouldn't be used. Use .withValues() to avoid precision loss - lib\features\clients\client_detail_screen.dart:321:46 - deprecated_member_use
  error - The getter 's' isn't defined for the type 'int' - lib\features\clients\client_detail_screen.dart:336:88 - undefined_getter
   info - 'withOpacity' is deprecated and shouldn't be used. Use .withValues() to avoid precision loss - lib\features\clients\clients_screen.dart:65:51 - deprecated_member_use
   info - Use 'const' with the constructor to improve performance - lib\features\clients\clients_screen.dart:109:12 - prefer_const_constructors
   info - Use 'const' with the constructor to improve performance - lib\features\clients\clients_screen.dart:110:14 - prefer_const_constructors
   info - Use 'const' literals as arguments to constructors of '@immutable' classes - lib\features\clients\clients_screen.dart:112:19 - prefer_const_literals_to_create_immutables
  error - The getter 's' isn't defined for the type 'int' - lib\features\clients\clients_screen.dart:264:27 - undefined_getter
   info - 'withOpacity' is deprecated and shouldn't be used. Use .withValues() to avoid precision loss - lib\features\cockpit\cockpit_screen.dart:271:38 - deprecated_member_use
  error - The getter 's' isn't defined for the type 'int' - lib\features\cockpit\cockpit_screen.dart:274:116 - undefined_getter
  error - The getter 's' isn't defined for the type 'int' - lib\features\cockpit\cockpit_screen.dart:288:120 - undefined_getter
   info - 'withOpacity' is deprecated and shouldn't be used. Use .withValues() to avoid precision loss - lib\features\cockpit\cockpit_screen.dart:306:47 - deprecated_member_use
   info - 'withOpacity' is deprecated and shouldn't be used. Use .withValues() to avoid precision loss - lib\features\cockpit\cockpit_screen.dart:308:66 - deprecated_member_use
  error - The getter 's' isn't defined for the type 'int' - lib\features\cockpit\cockpit_screen.dart:313:24 - undefined_getter
  error - The getter 's' isn't defined for the type 'int' - lib\features\cockpit\cockpit_screen.dart:313:39 - undefined_getter
   info - 'withOpacity' is deprecated and shouldn't be used. Use .withValues() to avoid precision loss - lib\features\cockpit\cockpit_screen.dart:356:41 - deprecated_member_use
   info - Use 'const' with the constructor to improve performance - lib\features\cockpit\cockpit_screen.dart:446:15 - prefer_const_constructors
   info - 'withOpacity' is deprecated and shouldn't be used. Use .withValues() to avoid precision loss - lib\features\cockpit\widgets\kpi_hero_card.dart:30:39 - deprecated_member_use
   info - 'withOpacity' is deprecated and shouldn't be used. Use .withValues() to avoid precision loss - lib\features\cockpit\widgets\kpi_hero_card.dart:93:31 - deprecated_member_use
warning - Unused import: 'package:go_router/go_router.dart' - lib\features\cockpit\widgets\lead_card.dart:2:8 - unused_import
   info - 'withOpacity' is deprecated and shouldn't be used. Use .withValues() to avoid precision loss - lib\features\cockpit\widgets\period_filter_tabs.dart:43:49 - deprecated_member_use
   info - 'withOpacity' is deprecated and shouldn't be used. Use .withValues() to avoid precision loss - lib\features\jobs\jobs_screen.dart:188:41 - deprecated_member_use
   info - Use 'const' with the constructor to improve performance - lib\features\jobs\jobs_screen.dart:198:21 - prefer_const_constructors
   info - Use 'const' with the constructor to improve performance - lib\features\lead_detail\lead_detail_screen.dart:79:17 - prefer_const_constructors
   info - Use 'const' with the constructor to improve performance - lib\features\lead_detail\lead_detail_screen.dart:85:17 - prefer_const_constructors
   info - 'withOpacity' is deprecated and shouldn't be used. Use .withValues() to avoid precision loss - lib\features\lead_detail\lead_detail_screen.dart:244:38 - deprecated_member_use
warning - Unused import: '../../core/supabase/supabase_config.dart' - lib\features\settings\settings_screen.dart:3:8 - unused_import
warning - Unused import: '../../core/constants.dart' - lib\features\settings\settings_screen.dart:5:8 - unused_import
   info - Use 'const' with the constructor to improve performance - lib\features\settings\settings_screen.dart:37:11 - prefer_const_constructors
   info - 'activeColor' is deprecated and shouldn't be used. Use activeThumbColor or activeTrackColor instead. This feature was deprecated after v3.31.0-2.0.pre - lib\features\settings\settings_screen.dart:64:21 - deprecated_member_use
   info - Use 'const' with the constructor to improve performance - lib\features\settings\settings_screen.dart:74:11 - prefer_const_constructors
   info - Use 'const' with the constructor to improve performance - lib\features\settings\settings_screen.dart:95:11 - prefer_const_constructors
   info - Use 'const' with the constructor to improve performance - lib\features\settings\settings_screen.dart:159:11 - prefer_const_constructors
   info - Use 'const' with the constructor to improve performance - lib\features\settings\settings_screen.dart:160:20 - prefer_const_constructors
warning - A value for optional parameter 'button' isn't ever given - lib\features\shared\screens\error_404_screen.dart:54:10 - unused_element_parameter
warning - A value for optional parameter 'button' isn't ever given - lib\features\shared\screens\under_maintenance_screen.dart:48:10 - unused_element_parameter
warning - Unused import: 'package:go_router/go_router.dart' - lib\features\shared\screens\welcome_screen.dart:3:8 - unused_import
warning - A value for optional parameter 'btnText' isn't ever given - lib\features\shared\screens\welcome_screen.dart:52:10 - unused_element_parameter
   info - 'withOpacity' is deprecated and shouldn't be used. Use .withValues() to avoid precision loss - lib\features\stats\stats_screen.dart:154:54 - deprecated_member_use
   info - Use 'const' with the constructor to improve performance - lib\features\stats\stats_screen.dart:160:41 - prefer_const_constructors
   info - 'withOpacity' is deprecated and shouldn't be used. Use .withValues() to avoid precision loss - lib\features\stats\stats_screen.dart:223:22 - deprecated_member_use
   info - 'withOpacity' is deprecated and shouldn't be used. Use .withValues() to avoid precision loss - lib\features\stats\stats_screen.dart:225:41 - deprecated_member_use
   info - 'withOpacity' is deprecated and shouldn't be used. Use .withValues() to avoid precision loss - lib\features\stats\stats_screen.dart:237:75 - deprecated_member_use
   info - 'withOpacity' is deprecated and shouldn't be used. Use .withValues() to avoid precision loss - lib\features\stats\stats_screen.dart:267:36 - deprecated_member_use
   info - 'withOpacity' is deprecated and shouldn't be used. Use .withValues() to avoid precision loss - lib\features\stats\stats_screen.dart:308:78 - deprecated_member_use
  error - The getter 'lightTheme' isn't defined for the type 'AppTheme' - lib\main.dart:39:23 - undefined_getter

69 issues found. (ran in 8.3s)
